i := 10 ----> 10
i =:= 9 ----> none
i ----> 10
i := 10 ----> 10
i =:= 10 ----> 10
i ----> 10
i := 10 ----> 10
i =:= 11 ----> none
i ----> 10
i := 10 ----> 10
i >=:= 9 ----> 9
i ----> 9
i := 10 ----> 10
i >=:= 10 ----> 10
i ----> 10
i := 10 ----> 10
i >=:= 11 ----> none
i ----> 10
i := 10 ----> 10
i >:= 9 ----> 9
i ----> 9
i := 10 ----> 10
i >:= 10 ----> none
i ----> 10
i := 10 ----> 10
i >:= 11 ----> none
i ----> 10
i := 10 ----> 10
i <=:= 9 ----> none
i ----> 10
i := 10 ----> 10
i <=:= 10 ----> 10
i ----> 10
i := 10 ----> 10
i <=:= 11 ----> 11
i ----> 11
i := 10 ----> 10
i <:= 9 ----> none
i ----> 10
i := 10 ----> 10
i <:= 10 ----> none
i ----> 10
i := 10 ----> 10
i <:= 11 ----> 11
i ----> 11
i := 10 ----> 10
i ~=:= 9 ----> 9
i ----> 9
i := 10 ----> 10
i ~=:= 10 ----> none
i ----> 10
i := 10 ----> 10
i ~=:= 11 ----> 11
i ----> 11
i := 10 ----> 10
i +:= 9 ----> 19
i ----> 19
i := 10 ----> 10
i +:= 10 ----> 20
i ----> 20
i := 10 ----> 10
i +:= 11 ----> 21
i ----> 21
i := 10 ----> 10
i -:= 9 ----> 1
i ----> 1
i := 10 ----> 10
i -:= 10 ----> 0
i ----> 0
i := 10 ----> 10
i -:= 11 ----> -1
i ----> -1
i := 10 ----> 10
i *:= 9 ----> 90
i ----> 90
i := 10 ----> 10
i *:= 10 ----> 100
i ----> 100
i := 10 ----> 10
i *:= 11 ----> 110
i ----> 110
i := 10 ----> 10
i /:= 9 ----> 1
i ----> 1
i := 10 ----> 10
i /:= 10 ----> 1
i ----> 1
i := 10 ----> 10
i /:= 11 ----> 0
i ----> 0
i := 10 ----> 10
i %:= 9 ----> 1
i ----> 1
i := 10 ----> 10
i %:= 10 ----> 0
i ----> 0
i := 10 ----> 10
i %:= 11 ----> 10
i ----> 10
i := 10 ----> 10
i ^:= 9 ----> 1000000000
i ----> 1000000000
i := 10 ----> 10
s := "x" ----> "x"
s <<:= "x" ----> none
s ----> "x"
s := "x" ----> "x"
s <<:= "xx" ----> "xx"
s ----> "xx"
s := "x" ----> "x"
s <<:= "X" ----> none
s ----> "x"
s := "x" ----> "x"
s <<:= "abc" ----> none
s ----> "x"
s := "x" ----> "x"
s ~==:= "x" ----> none
s ----> "x"
s := "x" ----> "x"
s ~==:= "xx" ----> "xx"
s ----> "xx"
s := "x" ----> "x"
s ~==:= "X" ----> "X"
s ----> "X"
s := "x" ----> "x"
s ~==:= "abc" ----> "abc"
s ----> "abc"
s := "x" ----> "x"
s ?:= "x" ----> "x"
s ----> "x"
s := "x" ----> "x"
s ?:= "xx" ----> "xx"
s ----> "xx"
s := "x" ----> "x"
s ?:= "X" ----> "X"
s ----> "X"
s := "x" ----> "x"
s ?:= "abc" ----> "abc"
s ----> "abc"
s ?:= s ----> "abc"
s := "x" ----> "x"
s ==:= "x" ----> "x"
s ----> "x"
s := "x" ----> "x"
s ==:= "xx" ----> none
s ----> "x"
s := "x" ----> "x"
s ==:= "X" ----> none
s ----> "x"
s := "x" ----> "x"
s ==:= "abc" ----> none
s ----> "x"
s := "x" ----> "x"
s >>=:= "x" ----> "x"
s ----> "x"
s := "x" ----> "x"
s >>=:= "xx" ----> none
s ----> "x"
s := "x" ----> "x"
s >>=:= "X" ----> "X"
s ----> "X"
s := "x" ----> "x"
s >>=:= "abc" ----> "abc"
s ----> "abc"
s := "x" ----> "x"
s >>:= "x" ----> none
s ----> "x"
s := "x" ----> "x"
s >>:= "xx" ----> none
s ----> "x"
s := "x" ----> "x"
s >>:= "X" ----> "X"
s ----> "X"
s := "x" ----> "x"
s >>:= "abc" ----> "abc"
s ----> "abc"
s := "x" ----> "x"
s <<=:= "x" ----> "x"
s ----> "x"
s := "x" ----> "x"
s <<=:= "xx" ----> "xx"
s ----> "xx"
s := "x" ----> "x"
s <<=:= "X" ----> none
s ----> "x"
s := "x" ----> "x"
s <<=:= "abc" ----> none
s ----> "x"
s >>:= 0 ----> "0"
s := "x" ----> "x"
s ++:= "x" ----> 'x'
s ----> 'x'
s := "x" ----> "x"
s ++:= "xx" ----> 'x'
s ----> 'x'
s := "x" ----> "x"
s ++:= "X" ----> 'Xx'
s ----> 'Xx'
s := "x" ----> "x"
s ++:= "abc" ----> 'abcx'
s ----> 'abcx'
s := "x" ----> "x"
s --:= "x" ----> ''
s ----> ''
s := "x" ----> "x"
s --:= "xx" ----> ''
s ----> ''
s := "x" ----> "x"
s --:= "X" ----> 'x'
s ----> 'x'
s := "x" ----> "x"
s --:= "abc" ----> 'x'
s ----> 'x'
s := "x" ----> "x"
s **:= "x" ----> 'x'
s ----> 'x'
s := "x" ----> "x"
s **:= "xx" ----> 'x'
s ----> 'x'
s := "x" ----> "x"
s **:= "X" ----> ''
s ----> ''
s := "x" ----> "x"
s **:= "abc" ----> ''
s ----> ''
c := 'abcd' ----> 'abcd'
s ----> ''
s := "x" ----> "x"
s **:= "xx" ----> 'x'
s ----> 'x'
s := "x" ----> "x"
s **:= "X" ----> ''
s ----> ''
s := "x" ----> "x"
s **:= "abc" ----> ''
s ----> ''
c ++:= 'de' ----> 'abcde'
c --:= 'a' ----> 'bcde'
c **:= 'd' ----> 'd'
s := [1,2,3] ----> list_1(3)
s |||:= s ----> list_2(6)
s |||:= s ----> list_4(12)
one := [1] ----> list_6(1)
two := [2,2] ----> list_7(2)
x := one ----> list_6(1)
x &:= one ----> list_6(1)
x ----> list_6(1)
x := one ----> list_6(1)
x &:= two ----> list_7(2)
x ----> list_7(2)
x := one ----> list_6(1)
x |||:= one ----> list_8(2)
x ----> list_8(2)
x := one ----> list_6(1)
x |||:= two ----> list_10(3)
x ----> list_10(3)
x := one ----> list_6(1)
x ===:= one ----> list_6(1)
x ----> list_6(1)
x := one ----> list_6(1)
x ===:= two ----> none
x ----> list_6(1)
x := one ----> list_6(1)
x ~===:= one ----> none
x ----> list_6(1)
x := one ----> list_6(1)
x ~===:= two ----> list_7(2)
x ----> list_7(2)
