co-expression_1(1)
co-expression_1(1)
co-expression_1(1)
&null
list_1(9)
list_2(9)
&null
&null
1
"abc"
'a'
co-expression_3(0)
function write
table_1(0)
record array_1(7)
failed
co-expression_4(0)
1
2
3
co-expression_5(0)
1
2
3
4
5
6
7
8
9
10
failed
failed
failed
failed
10
10
"co-expression_5(10)"
co-expression_6(0)
co-expression_7(0)
entering trim
entering tab
1
2
co-expression_7(2)
"co-expression_7(2)"
co-expression_6(2)
"co-expression_6(2)"
2
"2"
