co-expression_1(1)
co-expression_1(1)
co-expression_1(1)
&null
list_1(9)
list_2(9)
&null
&null
1
"abc"
'a'
co-expression_3(0)
function write
table_1(0)
record array_1(7)
failed
co-expression_4(0)
1
2
3
co-expression_5(0)
1
2
3
4
5
6
7
8
9
10
failed
failed
failed
failed
10
10
"co-expression_5(10)"
co-expression_6(0)
co-expression_7(0)
entering trim
entering tab
1
2
co-expression_7(2)
"co-expression_7(2)"
co-expression_6(2)
"co-expression_6(2)"
2
"2"
coexprx.icn  :   54  | dummy(list_3 = [co-expression_8(0),co-expression_9(0),co-expression_10(0),co-expression_11(0)],&null,&null,&null,&null)
coexprx.icn  :    4  | dummy suspended list_3 = [co-expression_8(0),co-expression_9(0),co-expression_10(0),co-expression_11(0)]
coexprx.icn  :   55  | dummy(list_4 = [],&null,&null,&null,&null)
coexprx.icn  :    4  | dummy suspended list_4 = []
coexprx.icn  :   56  | dummy("list_5(4)",&null,&null,&null,&null)
coexprx.icn  :    4  | dummy suspended "list_5(4)"
coexprx.icn  :   57  | dummy(list_6 = [co-expression_16(0),co-expression_17(0),co-expression_18(0),co-expression_19(0),&null],&null,&null,&null,&null)
coexprx.icn  :    4  | dummy suspended list_6 = [co-expression_16(0),co-expression_17(0),co-expression_18(0),co-expression_19(0),&null]
coexprx.icn  :   58  | dummy(4,&null,&null,&null,&null)
coexprx.icn  :    4  | dummy suspended 4
coexprx.icn  :   59  | dummy("list_10(0)",&null,&null,&null,&null)
coexprx.icn  :    4  | dummy suspended "list_10(0)"
coexprx.icn  :   60  | dummy(3,&null,&null,&null,&null)
coexprx.icn  :    4  | dummy suspended 3
coexprx.icn  :   61  | dummy(1,&null,&null,&null,&null)
coexprx.icn  :    4  | dummy suspended 1
coexprx.icn  :   62  | dummy("\"function image\"",&null,&null,&null,&null)
coexprx.icn  :    4  | dummy suspended "\"function image\""
coexprx.icn  :   63  main failed
