Icon Compiler Version 8.8.  October 7, 1992
PC 386 in 32-bit protected mode ex Intel 386 C Version 1.1A
MS-DOS/386
compiled
ASCII
co-expressions
environment variables
error trace back
external functions
fixed regions
keyboard functions
math functions
multiple regions
string invocation
system function
