list_1(0)
list_1(1000)
list_1(11000)

collections:
5
1
1
1

regions:
20928
256000
512000

storage:
20928
0
125232

allocated:
134713
9447
34
125232
